[Mon Apr 13 14:18:47 2026] Erro no Tray Icon: Traceback (most recent call last):
  File "C:\Users\usuario\Documents\QuestLog\quest-log\iniciar_app.py", line 103, in main
    pystray.Menu.Separator(),
    ^^^^^^^^^^^^^^^^^^^^^^
AttributeError: type object 'Menu' has no attribute 'Separator'

[Mon Apr 13 14:19:37 2026] Erro no Tray Icon: Traceback (most recent call last):
  File "C:\Users\usuario\Documents\QuestLog\quest-log\iniciar_app.py", line 103, in main
    pystray.Menu.Separator(),
    ^^^^^^^^^^^^^^^^^^^^^^
AttributeError: type object 'Menu' has no attribute 'Separator'

[Mon Apr 13 14:24:21 2026] Erro no Tray Icon: Traceback (most recent call last):
  File "C:\Users\usuario\Documents\QuestLog\quest-log\iniciar_app.py", line 103, in main
    pystray.Menu.Separator(),
    ^^^^^^^^^^^^^^^^^^^^^^
AttributeError: type object 'Menu' has no attribute 'Separator'

[Mon Apr 13 14:25:58 2026] Erro no Tray Icon: Traceback (most recent call last):
  File "C:\Users\usuario\Documents\QuestLog\quest-log\iniciar_app.py", line 103, in main
    pystray.Menu.Separator(),
    ^^^^^^^^^^^^^^^^^^^^^^
AttributeError: type object 'Menu' has no attribute 'Separator'

[Mon Apr 13 14:29:27 2026] Erro no Tray Icon: Traceback (most recent call last):
  File "C:\Users\usuario\Documents\QuestLog\quest-log\iniciar_app.py", line 103, in main
    pystray.Menu.Separator(),
    ^^^^^^^^^^^^^^^^^^^^^^
AttributeError: type object 'Menu' has no attribute 'Separator'

[Mon Apr 13 14:30:11 2026] Erro no Tray Icon: Traceback (most recent call last):
  File "C:\Users\usuario\Documents\QuestLog\quest-log\iniciar_app.py", line 103, in main
    pystray.Menu.Separator(),
    ^^^^^^^^^^^^^^^^^^^^^^
AttributeError: type object 'Menu' has no attribute 'Separator'

[Mon Apr 13 14:31:31 2026] Erro no Tray Icon: Traceback (most recent call last):
  File "C:\Users\usuario\Documents\QuestLog\quest-log\iniciar_app.py", line 103, in main
    pystray.Menu.Separator(),
    ^^^^^^^^^^^^^^^^^^^^^^
AttributeError: type object 'Menu' has no attribute 'Separator'

[Mon Apr 13 14:33:38 2026] Erro no Tray Icon: Traceback (most recent call last):
  File "C:\Users\usuario\Documents\QuestLog\quest-log\iniciar_app.py", line 103, in main
    pystray.Menu.Separator(),
    ^^^^^^^^^^^^^^^^^^^^^^
AttributeError: type object 'Menu' has no attribute 'Separator'

[Mon Apr 13 14:34:01 2026] Erro no Tray Icon: Traceback (most recent call last):
  File "C:\Users\usuario\Documents\QuestLog\quest-log\iniciar_app.py", line 103, in main
    pystray.Menu.Separator(),
    ^^^^^^^^^^^^^^^^^^^^^^
AttributeError: type object 'Menu' has no attribute 'Separator'

[Mon Apr 13 14:35:04 2026] Erro no Tray Icon: Traceback (most recent call last):
  File "C:\Users\usuario\Documents\QuestLog\quest-log\iniciar_app.py", line 103, in main
    pystray.Menu.Separator(),
    ^^^^^^^^^^^^^^^^^^^^^^
AttributeError: type object 'Menu' has no attribute 'Separator'

[Mon Apr 13 14:37:16 2026] Erro no Tray Icon: Traceback (most recent call last):
  File "C:\Users\usuario\Documents\QuestLog\quest-log\iniciar_app.py", line 103, in main
    pystray.Menu.Separator(),
    ^^^^^^^^^^^^^^^^^^^^^^
AttributeError: type object 'Menu' has no attribute 'Separator'

[Mon Apr 13 14:38:25 2026] Erro no Tray Icon: Traceback (most recent call last):
  File "C:\Users\usuario\Documents\QuestLog\quest-log\iniciar_app.py", line 103, in main
    pystray.Menu.Separator(),
    ^^^^^^^^^^^^^^^^^^^^^^
AttributeError: type object 'Menu' has no attribute 'Separator'

[Mon Apr 13 14:39:30 2026] Erro no Tray Icon: Traceback (most recent call last):
  File "C:\Users\usuario\Documents\QuestLog\quest-log\iniciar_app.py", line 103, in main
    pystray.Menu.Separator(),
    ^^^^^^^^^^^^^^^^^^^^^^
AttributeError: type object 'Menu' has no attribute 'Separator'

[Fri Apr 17 09:04:43 2026] Erro no Tray Icon: Traceback (most recent call last):
  File "C:\Users\usuario\Documents\QuestLog\quest-log\iniciar_app.py", line 103, in main
    pystray.Menu.Separator(),
    ^^^^^^^^^^^^^^^^^^^^^^
AttributeError: type object 'Menu' has no attribute 'Separator'

[Fri Apr 17 14:07:20 2026] Erro no Tray Icon: Traceback (most recent call last):
  File "C:\Users\usuario\Documents\QuestLog\quest-log\iniciar_app.py", line 103, in main
    pystray.Menu.Separator(),
    ^^^^^^^^^^^^^^^^^^^^^^
AttributeError: type object 'Menu' has no attribute 'Separator'

[Fri Apr 17 14:19:09 2026] Erro no Tray Icon: Traceback (most recent call last):
  File "C:\Users\usuario\Documents\QuestLog\quest-log\iniciar_app.py", line 103, in main
    pystray.Menu.Separator(),
    ^^^^^^^^^^^^^^^^^^^^^^
AttributeError: type object 'Menu' has no attribute 'Separator'

